ï¿½eï¿½Rï¿½nï¿½ &ï¿½ï¿½ï¿½ï¿½ï¿½ï¿½Òµï¿½Hï¿½ï¿½ï¿½ï¿½:ï¿½E 	ï¿½]ï¿½RÊ½ï¿½Qï¿½ï¿½bï¿½ï¿½oï¿½'ï¿½ï¿½3ï¿½iï¿½%_ï¿½ï¿½*ï¿½%ï¿½A*ï¿½ï¿½OUï¿½ï¿½cï¿½Kï¿½ï¿½.ï¿½ ï¿½	ZAIï¿½ï¿½Â¸ï¿½VHhï¿½kï¿½ï¿½ï¿½i0ï¿½ï¿½,\Eï¿½ï¿½:ï¿½Aï¿½Iï¿½ï¿½ï¿½ï¿½ï¿½ï¿½0ï¿½ï¿½ï¿½_d.ï¿½ï¿½ï¿½ï¿½0ï¿½ï¿½ï¿½ï¿½ï¿½ï¿½ï¿½ï¿½ï¿½0ï¿½}ï¿½rï¿½xï¿½jï¿½[ï¿½ï¿½iï¿½Rï¿½ï¿½ï¿½oï¿½-ï¿½ï¿½vï¿½ï¿½ï¿½loXï¿½ï¿½ï¿½ï¿½fï¿½Â³bï¿½ï¿½nï¿½Sï¿½ï¿½!ï¿½+ï¿½:ï¿½Qï¿½ï¿½Â°ï¿½ï¿½ï¿½YKï¿½ï¿½ï¿½Mï¿½Hï¿½ï¿½aï¿½ï¿½xï¿½8ï¿½ï¿½ï¿½ï¿½ï¿½ï¿½'SHï¿½ï¿½aï¿½'ï¿½Q0ï¿½ï¿½4ï¿½blYKï¿½ï¿½ï¿½&HHÙ´.ï¿½ï¿½ï¿½0ï¿½ï¿½Ò•lï¿½[0;32mI (28) boot: ESP-IDF v5.4-dev-421-g4523f2d674 2nd stage bootloader[0m
[0;32mI (28) boot: compile time Jun 14 2024 15:08:11[0m
[0;32mI (30) boot: Multicore bootloader[0m
[0;32mI (34) boot: chip revision: v1.0[0m
[0;32mI (38) qio_mode: Enabling default flash chip QIO[0m
[0;32mI (43) boot.esp32: SPI Speed      : 80MHz[0m
[0;32mI (48) boot.esp32: SPI Mode       : QIO[0m
[0;32mI (52) boot.esp32: SPI Flash Size : 4MB[0m
[0;32mI (57) boot: Enabling RNG early entropy source...[0m
[0;32mI (62) boot: Partition Table:[0m
[0;32mI (66) boot: ## Label            Usage          Type ST Offset   Length[0m
[0;32mI (73) boot:  0 nvs              WiFi data        01 02 00009000 00006000[0m
[0;32mI (80) boot:  1 phy_init         RF data          01 01 0000f000 00001000[0m
[0;32mI (88) boot:  2 factory          factory app      00 00 00010000 00200000[0m
[0;32mI (95) boot: End of partition table[0m
[0;32mI (100) esp_image: segment 0: paddr=00010020 vaddr=3f400020 size=1b2c28h (1780776) map[0m
[0;32mI (565) esp_image: segment 1: paddr=001c2c50 vaddr=3ffb0000 size=0336ch ( 13164) load[0m
[0;32mI (569) esp_image: segment 2: paddr=001c5fc4 vaddr=40080000 size=0a054h ( 41044) load[0m
[0;32mI (583) esp_image: segment 3: paddr=001d0020 vaddr=400d0020 size=2f834h (194612) map[0m
[0;32mI (633) esp_image: segment 4: paddr=001ff85c vaddr=4008a054 size=069d4h ( 27092) load[0m
[0;32mI (650) boot: Loaded app from partition at offset 0x10000[0m
[0;32mI (650) boot: Disabling RNG early entropy source...[0m
[0;32mI (662) cpu_start: Multicore app[0m
[0;32mI (662) quad_psram: This chip is ESP32-D0WD[0m
[0;32mI (662) esp_psram: Found 8MB PSRAM device[0m
[0;32mI (664) esp_psram: Speed: 80MHz[0m
[0;32mI (668) esp_psram: PSRAM initialized, cache is in low/high (2-core) mode.[0m
[0;33mW (675) esp_psram: Virtual address not enough for PSRAM, map as much as we can. 4MB is mapped[0m
[0;32mI (1148) esp_psram: SPI SRAM memory test OK[0m
[0;32mI (1156) cpu_start: Pro cpu start user code[0m
[0;32mI (1156) cpu_start: cpu freq: 240000000 Hz[0m
[0;32mI (1156) app_init: Application information:[0m
[0;32mI (1159) app_init: Project name:     person_detection[0m
[0;32mI (1165) app_init: App version:      f7e8937-dirty[0m
[0;32mI (1170) app_init: Compile time:     Jun 14 2024 15:08:00[0m
[0;32mI (1176) app_init: ELF file SHA256:  c6e369008...[0m
[0;32mI (1182) app_init: ESP-IDF:          v5.4-dev-421-g4523f2d674[0m
[0;32mI (1188) efuse_init: Min chip rev:     v0.0[0m
[0;32mI (1193) efuse_init: Max chip rev:     v3.99 [0m
[0;32mI (1198) efuse_init: Chip rev:         v1.0[0m
[0;32mI (1203) heap_init: Initializing. RAM available for dynamic allocation:[0m
[0;32mI (1210) heap_init: At 3FFAE6E0 len 00001920 (6 KiB): DRAM[0m
[0;32mI (1216) heap_init: At 3FFB4128 len 0002BED8 (175 KiB): DRAM[0m
[0;32mI (1223) heap_init: At 3FFE0440 len 00003AE0 (14 KiB): D/IRAM[0m
[0;32mI (1229) heap_init: At 3FFE4350 len 0001BCB0 (111 KiB): D/IRAM[0m
[0;32mI (1236) heap_init: At 40090A28 len 0000F5D8 (61 KiB): IRAM[0m
[0;32mI (1242) esp_psram: Adding pool of 4096K of PSRAM memory to heap allocator[0m
[0;32mI (1250) spi_flash: detected chip: generic[0m
[0;32mI (1254) spi_flash: flash io: qio[0m
[0;33mW (1258) i2c: This driver is an old driver, please migrate your application code to adapt `driver/i2c_master.h`[0m
[0;32mI (1269) main_task: Started on CPU0[0m
[0;32mI (1279) main_task: Calling app_main()[0m
Total heap size: 4509576
Free heap size: 4484440
Total PSRAM size: 8388608
Free PSRAM size: 4191744
Free heap size after allocation: 4304212
Free PSRAM size after allocation: 4011516
[0;32mI (1289) gpio: GPIO[13]| InputEn: 1| OutputEn: 0| OpenDrain: 0| Pullup: 1| Pulldown: 0| Intr:0 [0m
[0;32mI (1299) gpio: GPIO[14]| InputEn: 1| OutputEn: 0| OpenDrain: 0| Pullup: 1| Pulldown: 0| Intr:0 [0m
[0;32mI (1309) gpio: GPIO[5]| InputEn: 1| OutputEn: 0| OpenDrain: 0| Pullup: 1| Pulldown: 0| Intr:2 [0m
[0;32mI (1319) cam_hal: cam init ok[0m
[0;32mI (1319) sccb: pin_sda 18 pin_scl 23[0m
[0;32mI (1329) sccb: sccb_i2c_port=1[0m
[0;31mE (11339) camera: Camera probe failed with error 0x105(ESP_ERR_NOT_FOUND)[0m
[0;31mE (11339) app_camera: Camera init failed with error 0x105[0m
Camera init failed

InitCamera failed

[0;31mE (11339) app_camera: Camera capture failed[0m
Image capture failed.
Output[0]: 0.000000
Output[1]: 0.996094
Output[2]: 0.000000
Detected fruit: b
Manzana: 0.000000, Banana: 0.996094, Limon: 0.000000
[0;31mE (12989) app_camera: Camera capture failed[0m
Image capture failed.
Output[0]: 0.000000
Output[1]: 0.996094
Output[2]: 0.000000
Detected fruit: b
Manzana: 0.000000, Banana: 0.996094, Limon: 0.000000
[0;31mE (14619) app_camera: Camera capture failed[0m
Image capture failed.
Output[0]: 0.000000
Output[1]: 0.996094
Output[2]: 0.000000
Detected fruit: b
Manzana: 0.000000, Banana: 0.996094, Limon: 0.000000
[0;31mE (16259) app_camera: Camera capture failed[0m
Image capture failed.
Output[0]: 0.000000
Output[1]: 0.996094
Output[2]: 0.000000
Detected fruit: b
Manzana: 0.000000, Banana: 0.996094, Limon: 0.000000
[0;31mE (17889) app_camera: Camera capture failed[0m
Image capture failed.
Output[0]: 0.000000
Output[1]: 0.996094
Output[2]: 0.000000
Detected fruit: b
Manzana: 0.000000, Banana: 0.996094, Limon: 0.000000
[0;31mE (19529) app_camera: Camera capture failed[0m
Image capture failed.
