etï¿½×Juï¿½ï¿½20Lï¿½0:&&ï¿½ï¿½ï¿½C!ï¿½.ï¿½ï¿½xï¿½Bï¿½=]ROï¿½%UMï¿½),ï¿½ï¿½ï¿½ï¿½0Å³Bï¿½ï¿½Iï¿½TMï¿½_F*Mï¿½_Bï¿½Q%
ï¿½ï¿½Ë¥ï¿½ï¿½ip'ï¿½b SU]ï¿½:ï¿½ï¿½ï¿½5
ï¿½ï¿½}ï¿½rï¿½'ï¿½A0ï¿½\Eï¿½vï¿½ï¿½ï¿½0,ï¿½Eï¿½v:ï¿½ï¿½0,cï¿½ï¿½ï¿½rvï¿½ï¿½ï¿½0,ï¿½}ï¿½rv'ï¿½A0,}ï¿½rï¿½'ï¿½A0ï¿½ï¿½ë‹•ï¿½DIï¿½	ï¿½oï¿½-"ï¿½ï¿½ï¿½1ï¿½ï¿½+ï¿½ï¿½0xï¿½ï¿½ï¿½A0ï¿½bbï¿½nï¿½Ó’ï¿½!ï¿½+ï¿½ï¿½0xï¿½ï¿½ï¿½ï¿½0ï¿½bbï¿½ï¿½ï¿½16MMï¿½ï¿½ï¿½+ï¿½i0ï¿½ï¿½ï¿½0ï¿½ï¿½bï¿½ï¿½ï¿½:4C!ï¿½+ï¿½i0ï¿½ï¿½ï¿½0ï¿½ï¿½bï¿½ï¿½:4ï¿½Lï¿½Heï¿½ï¿½ï¿½ 0Ñ°Â‚ï¿½5ï¿½Cï¿½[0;32mI (28) boot: ESP-IDF v5.4-dev-421-g4523f2d674 2nd stage bootloader[0m
[0;32mI (28) boot: compile time Jun 10 2024 18:42:16[0m
[0;32mI (30) boot: Multicore bootloader[0m
[0;32mI (34) boot: chip revision: v1.0[0m
[0;32mI (38) qio_mode: Enabling default flash chip QIO[0m
[0;32mI (43) boot.esp32: SPI Speed      : 80MHz[0m
[0;32mI (48) boot.esp32: SPI Mode       : QIO[0m
[0;32mI (52) boot.esp32: SPI Flash Size : 4MB[0m
[0;32mI (57) boot: Enabling RNG early entropy source...[0m
[0;32mI (62) boot: Partition Table:[0m
[0;32mI (66) boot: ## Label            Usage          Type ST Offset   Length[0m
[0;32mI (73) boot:  0 nvs              WiFi data        01 02 00009000 00006000[0m
[0;32mI (81) boot:  1 phy_init         RF data          01 01 0000f000 00001000[0m
[0;32mI (88) boot:  2 factory          factory app      00 00 00010000 00200000[0m
[0;32mI (96) boot: End of partition table[0m
[0;32mI (100) esp_image: segment 0: paddr=00010020 vaddr=3f400020 size=1b2b98h (1780632) map[0m
[0;32mI (565) esp_image: segment 1: paddr=001c2bc0 vaddr=3ffb0000 size=0336ch ( 13164) load[0m
[0;32mI (569) esp_image: segment 2: paddr=001c5f34 vaddr=40080000 size=0a0e4h ( 41188) load[0m
[0;32mI (583) esp_image: segment 3: paddr=001d0020 vaddr=400d0020 size=2f674h (194164) map[0m
[0;32mI (633) esp_image: segment 4: paddr=001ff69c vaddr=4008a0e4 size=06944h ( 26948) load[0m
[0;32mI (650) boot: Loaded app from partition at offset 0x10000[0m
[0;32mI (650) boot: Disabling RNG early entropy source...[0m
[0;32mI (662) cpu_start: Multicore app[0m
[0;32mI (662) quad_psram: This chip is ESP32-D0WD[0m
[0;32mI (662) esp_psram: Found 8MB PSRAM device[0m
[0;32mI (664) esp_psram: Speed: 80MHz[0m
[0;32mI (668) esp_psram: PSRAM initialized, cache is in low/high (2-core) mode.[0m
[0;33mW (675) esp_psram: Virtual address not enough for PSRAM, map as much as we can. 4MB is mapped[0m
[0;32mI (1148) esp_psram: SPI SRAM memory test OK[0m
[0;32mI (1156) cpu_start: Pro cpu start user code[0m
[0;32mI (1156) cpu_start: cpu freq: 240000000 Hz[0m
[0;32mI (1156) app_init: Application information:[0m
[0;32mI (1159) app_init: Project name:     person_detection[0m
[0;32mI (1165) app_init: App version:      1[0m
[0;32mI (1169) app_init: Compile time:     Jun 10 2024 18:41:58[0m
[0;32mI (1175) app_init: ELF file SHA256:  9f630dc52...[0m
[0;32mI (1181) app_init: ESP-IDF:          v5.4-dev-421-g4523f2d674[0m
[0;32mI (1187) efuse_init: Min chip rev:     v0.0[0m
[0;32mI (1192) efuse_init: Max chip rev:     v3.99 [0m
[0;32mI (1197) efuse_init: Chip rev:         v1.0[0m
[0;32mI (1202) heap_init: Initializing. RAM available for dynamic allocation:[0m
[0;32mI (1209) heap_init: At 3FFAE6E0 len 00001920 (6 KiB): DRAM[0m
[0;32mI (1215) heap_init: At 3FFB4128 len 0002BED8 (175 KiB): DRAM[0m
[0;32mI (1221) heap_init: At 3FFE0440 len 00003AE0 (14 KiB): D/IRAM[0m
[0;32mI (1228) heap_init: At 3FFE4350 len 0001BCB0 (111 KiB): D/IRAM[0m
[0;32mI (1234) heap_init: At 40090A28 len 0000F5D8 (61 KiB): IRAM[0m
[0;32mI (1241) esp_psram: Adding pool of 4096K of PSRAM memory to heap allocator[0m
[0;32mI (1249) spi_flash: detected chip: generic[0m
[0;32mI (1253) spi_flash: flash io: qio[0m
[0;33mW (1257) i2c: This driver is an old driver, please migrate your application code to adapt `driver/i2c_master.h`[0m
[0;32mI (1268) main_task: Started on CPU0[0m
[0;32mI (1278) main_task: Calling app_main()[0m
Couldn't allocate memory of 176720 bytes
Guru Meditation Error: Core  0 panic'ed (LoadProhibited). Exception was unhandled.

Core  0 register dump:
PC      : 0x400d8087  PS      : 0x00060630  A0      : 0x800d7b51  A1      : 0x3ffb7910  
A2      : 0x00000000  A3      : 0x00000000  A4      : 0x3ffb3788  A5      : 0x3ffb3ca0  
A6      : 0x3ffb3cac  A7      : 0x3ffb3ca4  A8      : 0x00000000  A9      : 0x3ffb78a0  
A10     : 0x00000060  A11     : 0x00000060  A12     : 0x00000001  A13     : 0x3ffb0804  
A14     : 0x003fffff  A15     : 0x0002b250  SAR     : 0x00000004  EXCCAUSE: 0x0000001c  
EXCVADDR: 0x00000010  LBEG    : 0x00000000  LEND    : 0x00000000  LCOUNT  : 0x00000000  


Backtrace: 0x400d8084:0x3ffb7910 0x400d7b4e:0x3ffb7940




ELF file SHA256: 9f630dc52

Rebooting...
ets Jun  8 2016 00:22:57

rst:0xc (SW_CPU_RESET),boot:0x13 (SPI_FAST_FLASH_BOOT)
configsip: 0, SPIWP:0xee
clk_drv:0x00,q_drv:0x00,d_drv:0x00,cs0_drv:0x00,hd_drv:0x00,wp_drv:0x00
mode:DIO, clock div:1
load:0x3fff0030,len:7524
load:0x40078000,len:16552
load:0x40080400,len:4
load:0x40080404,len:4312
entry 0x4008065c
[0;32mI (29) boot: ESP-IDF v5.4-dev-421-g4523f2d674 2nd stage bootloader[0m
[0;32mI (29) boot: compile time Jun 10 2024 18:42:16[0m
[0;32mI (31) boot: Multicore bootloader[0m
[0;32mI (35) boot: chip revision: v1.0[0m
[0;32mI (39) qio_mode: Enabling default flash chip QIO[0m
[0;32mI (44) boot.esp32: SPI Speed      : 80MHz[0m
[0;32mI (49) boot.esp32: SPI Mode       : QIO[0m
[0;32mI (53) boot.esp32: SPI Flash Size : 4MB[0m
[0;32mI (58) boot: Enabling RNG early entropy source...[0m
[0;32mI (63) boot: Partition Table:[0m
[0;32mI (67) boot: ## Label            Usage          Type ST Offset   Length[0m
[0;32mI (74) boot:  0 nvs              WiFi data        01 02 00009000 00006000[0m
[0;32mI (81) boot:  1 phy_init         RF data          01 01 0000f000 00001000[0m
[0;32mI (89) boot:  2 factory          factory app      00 00 00010000 00200000[0m
[0;32mI (96) boot: End of partition table[0m
[0;32mI (101) esp_image: segment 0: paddr=00010020 vaddr=3f400020 size=1b2b98h (1780632) map[0m
[0;32mI (566) esp_image: segment 1: paddr=001c2bc0 vaddr=3ffb0000 size=0336ch ( 13164) load[0m
[0;32mI (570) esp_image: segment 2: paddr=001c5f34 vaddr=40080000 size=0a0e4h ( 41188) load[0m
