etï¿½Rï¿½nï¿½ï¿½ï¿½0Lï¿½0ï¿½&ï¿½5ï¿½CaHï¿½tï¿½ï¿½ï¿½ (u]ï¿½Rï¿½ï¿½%UMï¿½Tï¿½	ï¿½ot'ï¿½E3ï¿½SU}ï¿½Aï¿½ï¿½e1ï¿½H%=ï¿½Tï¿½Cï¿½ï¿½ï¿½Ë¥ï¿½ï¿½iï¿½'ï¿½ï¿½ *ï¿½ï¿½Pï¿½Â•eï¿½ï¿½,k}ï¿½rï¿½'ï¿½ï¿½0)}ï¿½rï¿½ï¿½ï¿½ï¿½ï¿½ï¿½ï¿½dï¿½ï¿½xï¿½bï¿½ï¿½_dï¿½ï¿½ï¿½ï¿½0,ï¿½ï¿½Eï¿½ï¿½i0ï¿½ï¿½bï¿½ï¿½ï¿½dï¿½ï¿½ï¿½ï¿½0ï¿½[ï¿½ï¿½:ï¿½Rï¿½	ï¿½oï¿½-"ï¿½ï¿½i1ï¿½!ï¿½+ï¿½i0ï¿½&ï¿½ï¿½ï¿½3ï¿½ï¿½ï¿½n:SSï¿½ï¿½ï¿½+ï¿½ï¿½0xï¿½ï¿½ï¿½8ï¿½ï¿½bï¿½ï¿½ï¿½:ï¿½Óªï¿½!ï¿½+ï¿½ï¿½0xï¿½ï¿½ï¿½0ï¿½ï¿½bï¿½ï¿½ï¿½:ï¿½C!ï¿½ï¿½:ï¿½ï¿½00ï¿½ï¿½ï¿½4ï¿½kï¿½:4ï¿½ï¿½j
Yï¿½ï¿½yï¿½ï¿½Q0ï¿½ï¿½ï¿½5ï¿½Cï¿½[0;32mI (28) boot: ESP-IDF v5.4-dev-421-g4523f2d674 2nd stage bootloader[0m
[0;32mI (28) boot: compile time Jun 22 2024 18:07:54[0m
[0;32mI (30) boot: Multicore bootloader[0m
[0;32mI (34) boot: chip revision: v1.0[0m
[0;32mI (38) qio_mode: Enabling default flash chip QIO[0m
[0;32mI (43) boot.esp32: SPI Speed      : 80MHz[0m
[0;32mI (48) boot.esp32: SPI Mode       : QIO[0m
[0;32mI (52) boot.esp32: SPI Flash Size : 4MB[0m
[0;32mI (57) boot: Enabling RNG early entropy source...[0m
[0;32mI (62) boot: Partition Table:[0m
[0;32mI (66) boot: ## Label            Usage          Type ST Offset   Length[0m
[0;32mI (73) boot:  0 nvs              WiFi data        01 02 00009000 00006000[0m
[0;32mI (80) boot:  1 phy_init         RF data          01 01 0000f000 00001000[0m
[0;32mI (88) boot:  2 factory          factory app      00 00 00010000 00300000[0m
[0;32mI (95) boot: End of partition table[0m
[0;32mI (100) esp_image: segment 0: paddr=00010020 vaddr=3f400020 size=1b2a58h (1780312) map[0m
[0;32mI (565) esp_image: segment 1: paddr=001c2a80 vaddr=3ffb0000 size=0336ch ( 13164) load[0m
[0;32mI (569) esp_image: segment 2: paddr=001c5df4 vaddr=40080000 size=0a224h ( 41508) load[0m
[0;32mI (583) esp_image: segment 3: paddr=001d0020 vaddr=400d0020 size=2f958h (194904) map[0m
[0;32mI (633) esp_image: segment 4: paddr=001ff980 vaddr=4008a224 size=06804h ( 26628) load[0m
[0;32mI (650) boot: Loaded app from partition at offset 0x10000[0m
[0;32mI (650) boot: Disabling RNG early entropy source...[0m
[0;32mI (662) cpu_start: Multicore app[0m
[0;32mI (662) quad_psram: This chip is ESP32-D0WD[0m
[0;32mI (662) esp_psram: Found 8MB PSRAM device[0m
[0;32mI (664) esp_psram: Speed: 80MHz[0m
[0;32mI (668) esp_psram: PSRAM initialized, cache is in low/high (2-core) mode.[0m
[0;33mW (675) esp_psram: Virtual address not enough for PSRAM, map as much as we can. 4MB is mapped[0m
[0;32mI (1148) esp_psram: SPI SRAM memory test OK[0m
[0;32mI (1156) cpu_start: Pro cpu start user code[0m
[0;32mI (1156) cpu_start: cpu freq: 240000000 Hz[0m
[0;32mI (1156) app_init: Application information:[0m
[0;32mI (1159) app_init: Project name:     person_detection[0m
[0;32mI (1165) app_init: App version:      6445fe3-dirty[0m
[0;32mI (1170) app_init: Compile time:     Jun 23 2024 20:09:20[0m
[0;32mI (1176) app_init: ELF file SHA256:  4686cbe53...[0m
[0;32mI (1182) app_init: ESP-IDF:          v5.4-dev-421-g4523f2d674[0m
[0;32mI (1188) efuse_init: Min chip rev:     v0.0[0m
[0;32mI (1193) efuse_init: Max chip rev:     v3.99 [0m
[0;32mI (1198) efuse_init: Chip rev:         v1.0[0m
[0;32mI (1203) heap_init: Initializing. RAM available for dynamic allocation:[0m
[0;32mI (1210) heap_init: At 3FFAE6E0 len 00001920 (6 KiB): DRAM[0m
[0;32mI (1216) heap_init: At 3FFB4140 len 0002BEC0 (175 KiB): DRAM[0m
[0;32mI (1223) heap_init: At 3FFE0440 len 00003AE0 (14 KiB): D/IRAM[0m
[0;32mI (1229) heap_init: At 3FFE4350 len 0001BCB0 (111 KiB): D/IRAM[0m
[0;32mI (1236) heap_init: At 40090A28 len 0000F5D8 (61 KiB): IRAM[0m
[0;32mI (1242) esp_psram: Adding pool of 4096K of PSRAM memory to heap allocator[0m
[0;32mI (1250) spi_flash: detected chip: generic[0m
[0;32mI (1254) spi_flash: flash io: qio[0m
[0;33mW (1258) i2c: This driver is an old driver, please migrate your application code to adapt `driver/i2c_master.h`[0m
[0;32mI (1269) main_task: Started on CPU0[0m
[0;32mI (1279) main_task: Calling app_main()[0m
Total heap size: 4509552
Free heap size: 4484416
Total PSRAM size: 8388608
Free PSRAM size: 4191744
Free heap size after allocation: 4304188
Free PSRAM size after allocation: 4011516
[0;32mI (1289) gpio: GPIO[25]| InputEn: 1| OutputEn: 0| OpenDrain: 0| Pullup: 1| Pulldown: 0| Intr:2 [0m
[0;32mI (1299) cam_hal: cam init ok[0m
[0;32mI (1299) sccb: pin_sda 26 pin_scl 27[0m
[0;32mI (1309) sccb: sccb_i2c_port=1[0m
[0;32mI (1309) gpio: GPIO[32]| InputEn: 0| OutputEn: 1| OpenDrain: 0| Pullup: 0| Pulldown: 0| Intr:0 [0m
[0;32mI (1349) camera: Detected camera at address=0x30[0m
[0;32mI (1349) camera: Detected OV2640 camera[0m
[0;32mI (1349) camera: Camera PID=0x26 VER=0x42 MIDL=0x7f MIDH=0xa2[0m
[0;32mI (1419) esp32 ll_cam: node_size: 3072, nodes_per_line: 1, lines_per_node: 4, dma_half_buffer_min:  3072, dma_half_buffer: 12288,lines_per_half_buffer: 16, dma_buffer_size: 24576, image_size: 18432[0m
[0;32mI (1429) cam_hal: buffer_size: 24576, half_buffer_size: 12288, node_buffer_size: 3072, node_cnt: 8, total_cnt: 1[0m
[0;32mI (1439) cam_hal: Allocating 9216 Byte frame buffer in PSRAM[0m
[0;32mI (1449) cam_hal: Allocating 9216 Byte frame buffer in PSRAM[0m
[0;32mI (1449) cam_hal: cam config ok[0m
[0;32mI (1459) ov2640: Set PLL: clk_2x: 0, clk_div: 3, pclk_auto: 1, pclk_div: 8[0m
Camera Initialized

Image Captured

Input type: Unknown type
Output type: Unknown type
Guru Meditation Error: Core  0 panic'ed (LoadProhibited). Exception was unhandled.

Core  0 register dump:
PC      : 0x400d81e6  PS      : 0x00060230  A0      : 0x800d7c05  A1      : 0x3ffb7930  
A2      : 0x00000000  A3      : 0x00000007  A4      : 0x3ffb3ad0  A5      : 0x3ffb3ca0  
A6      : 0x3ffb3ca4  A7      : 0x3f58d8d9  A8      : 0x0205fc0a  A9      : 0x3ffb78e0  
A10     : 0x3ffb7930  A11     : 0x3ffb02e8  A12     : 0x437f0000  A13     : 0x3f82c250  
A14     : 0x3f82cae8  A15     : 0x3ffb3ad0  SAR     : 0x00000001  EXCCAUSE: 0x0000001c  
EXCVADDR: 0x0205fc0a  LBEG    : 0x4008700d  LEND    : 0x4008701d  LCOUNT  : 0xfffffffc  


Backtrace: 0x400d81e3:0x3ffb7930 0x400d7c02:0x3ffb7960




ELF file SHA256: 4686cbe53

Rebooting...
ets Jun  8 2016 00:22:57

rst:0xc (SW_CPU_RESET),boot:0x13 (SPI_FAST_FLASH_BOOT)
configsip: 0, SPIWP:0xee
clk_drv:0x00,q_drv:0x00,d_drv:0x00,cs0_drv:0x00,hd_drv:0x00,wp_drv:0x00
mode:DIO, clock div:1
load:0x3fff0030,len:7524
load:0x40078000,len:16552
load:0x40080400,len:4
load:0x40080404,len:4316
entry 0x4008065c
[0;32mI (29) boot: ESP-IDF v5.4-dev-421-g4523f2d674 2nd stage bootloader[0m
[0;32mI (29) boot: compile time Jun 22 2024 18:07:54[0m
[0;32mI (31) boot: Multicore bootloader[0m
[0;32mI (35) boot: chip revision: v1.0[0m
[0;32mI (39) qio_mode: Enabling default flash chip QIO[0m
[0;32mI (44) boot.esp32: SPI Speed      : 80MHz[0m
[0;32mI (49) boot.esp32: SPI Mode       : QIO[0m
[0;32mI (53) boot.esp32: SPI Flash Size : 4MB[0m
[0;32mI (58) boot: Enabling RNG early entropy source...[0m
[0;32mI (63) boot: Partition Table:[0m
[0;32mI (67) boot: ## Label            Usage          Type ST Offset   Length[0m
[0;32mI (74) boot:  0 nvs              WiFi data        01 02 00009000 00006000[0m
[0;32mI (81) boot:  1 phy_init         RF data          01 01 0000f000 00001000[0m
[0;32mI (89) boot:  2 factory          factory app      00 00 00010000 00300000[0m
[0;32mI (96) boot: End of partition table[0m
[0;32mI (101) esp_image: segment 0: paddr=00010020 vaddr=3f400020 size=1b2a58h (1780312) map[0m
[0;32mI (566) esp_image: segment 1: paddr=001c2a80 vaddr=3ffb0000 size=0336ch ( 13164) load[0m
[0;32mI (570) esp_image: segment 2: paddr=001c5df4 vaddr=40080000 size=0a224h ( 41508) load[0m
[0;32mI (584) esp_image: segment 3: paddr=001d0020 vaddr=400d0020 size=2f958h (194904) map[0m
[0;32mI (634) esp_image: segment 4: paddr=001ff980 vaddr=4008a224 size=06804h ( 26628) load[0m
[0;32mI (651) boot: Loaded app from partition at offset 0x10000[0m
[0;32mI (651) boot: Disabling RNG early entropy source...[0m
[0;32mI (663) cpu_start: Multicore app[0m
[0;32mI (663) quad_psram: This chip is ESP32-D0WD[0m
[0;32mI (663) esp_psram: Found 8MB PSRAM device[0m
[0;32mI (665) esp_psram: Speed: 80MHz[0m
[0;32mI (669) esp_psram: PSRAM initialized, cache is in low/high (2-core) mode.[0m
[0;33mW (676) esp_psram: Virtual address not enough for PSRAM, map as much as we can. 4MB is mapped[0m
[0;32mI (1149) esp_psram: SPI SRAM memory test OK[0m
[0;32mI (1157) cpu_start: Pro cpu start user code[0m
[0;32mI (1157) cpu_start: cpu freq: 240000000 Hz[0m
[0;32mI (1157) app_init: Application information:[0m
[0;32mI (1160) app_init: Project name:     person_detection[0m
[0;32mI (1166) app_init: App version:      6445fe3-dirty[0m
[0;32mI (1171) app_init: Compile time:     Jun 23 2024 20:09:20[0m
[0;32mI (1177) app_init: ELF file SHA256:  4686cbe53...[0m
[0;32mI (1183) app_init: ESP-IDF:          v5.4-dev-421-g4523f2d674[0m
[0;32mI (1189) efuse_init: Min chip rev:     v0.0[0m
[0;32mI (1194) efuse_init: Max chip rev:     v3.99 [0m
[0;32mI (1199) efuse_init: Chip rev:         v1.0[0m
[0;32mI (1204) heap_init: Initializing. RAM available for dynamic allocation:[0m
[0;32mI (1211) heap_init: At 3FFAE6E0 len 00001920 (6 KiB): DRAM[0m
[0;32mI (1217) heap_init: At 3FFB4140 len 0002BEC0 (175 KiB): DRAM[0m
[0;32mI (1224) heap_init: At 3FFE0440 len 00003AE0 (14 KiB): D/IRAM[0m
[0;32mI (1230) heap_init: At 3FFE4350 len 0001BCB0 (111 KiB): D/IRAM[0m
[0;32mI (1237) heap_init: At 40090A28 len 0000F5D8 (61 KiB): IRAM[0m
[0;32mI (1243) esp_psram: Adding pool of 4096K of PSRAM memory to heap allocator[0m
[0;32mI (1251) spi_flash: detected chip: generic[0m
[0;32mI (1255) spi_flash: flash io: qio[0m
[0;33mW (1259) i2c: This driver is an old driver, please migrate your application code to adapt `driver/i2c_master.h`[0m
[0;32mI (1270) main_task: Started on CPU0[0m
[0;32mI (1280) main_task: Calling app_main()[0m
Total heap size: 4509552
Free heap size: 4484416
Total PSRAM size: 8388608
Free PSRAM size: 4191744
Free heap size after allocation: 4304188
Free PSRAM size after allocation: 4011516
[0;32mI (1290) gpio: GPIO[25]| InputEn: 1| OutputEn: 0| OpenDrain: 0| Pullup: 1| Pulldown: 0| Intr:2 [0m
[0;32mI (1300) cam_hal: cam init ok[0m
[0;32mI (1300) sccb: pin_sda 26 pin_scl 27[0m
[0;32mI (1310) sccb: sccb_i2c_port=1[0m
[0;32mI (1310) gpio: GPIO[32]| InputEn: 0| OutputEn: 1| OpenDrain: 0| Pullup: 0| Pulldown: 0| Intr:0 [0m
[0;32mI (1350) camera: Detected camera at address=0x30[0m
[0;32mI (1350) camera: Detected OV2640 camera[0m
[0;32mI (1350) camera: Camera PID=0x26 VER=0x42 MIDL=0x7f MIDH=0xa2[0m
[0;32mI (1420) esp32 ll_cam: node_size: 3072, nodes_per_line: 1, lines_per_node: 4, dma_half_buffer_min:  3072, dma_half_buffer: 12288,lines_per_half_buffer: 16, dma_buffer_size: 24576, image_size: 18432[0m
[0;32mI (1430) cam_hal: buffer_size: 24576, half_buffer_size: 12288, node_buffer_size: 3072, node_cnt: 8, total_cnt: 1[0m
[0;32mI (1440) cam_hal: Allocating 9216 Byte frame buffer in PSRAM[0m
[0;32mI (1450) cam_hal: Allocating 9216 Byte frame buffer in PSRAM[0m
[0;32mI (1450) cam_hal: cam config ok[0m
[0;32mI (1460) ov2640: Set PLL: clk_2x: 0, clk_div: 3, pclk_auto: 1, pclk_div: 8[0m
Camera Initialized

Image Captured

Input type: Unknown type
Output type: Unknown type
Guru Meditation Error: Core  0 panic'ed (LoadProhibited). Exception was unhandled.

Core  0 register dump:
PC      : 0x400d81e6  PS      : 0x00060230  A0      : 0x800d7c05  A1      : 0x3ffb7930  
A2      : 0x00000000  A3      : 0x00000007  A4      : 0x3ffb3ad0  A5      : 0x3ffb3ca0  
A6      : 0x3ffb3ca4  A7      : 0x3f43c3c4  A8      : 0x0106fd02  A9      : 0x3ffb78e0  
A10     : 0x3ffb7930  A11     : 0x3ffb02e8  A12     : 0x437f0000  A13     : 0x3f82c250  
A14     : 0x3f82cae8  A15     : 0x3ffb3ad0  SAR     : 0x00000001  EXCCAUSE: 0x0000001c  
EXCVADDR: 0x0106fd02  LBEG    : 0x4008700d  LEND    : 0x4008701d  LCOUNT  : 0xfffffffc  


Backtrace: 0x400d81e3:0x3ffb7930 0x400d7c02:0x3ffb7960




ELF file SHA256: 4686cbe53

Rebooting...
ets Jun  8 2016 00:22:57

rst:0xc (SW_CPU_RESET),boot:0x13 (SPI_FAST_FLASH_BOOT)
configsip: 0, SPIWP:0xee
clk_drv:0x00,q_drv:0x00,d_drv:0x00,cs0_drv:0x00,hd_drv:0x00,wp_drv:0x00
mode:DIO, clock div:1
load:0x3fff0030,len:7524
load:0x40078000,len:16552
load:0x40080400,len:4
load:0x40080404,len:4316
entry 0x4008065c
[0;32mI (29) boot: ESP-IDF v5.4-dev-421-g4523f2d674 2nd stage bootloader[0m
[0;32mI (29) boot: compile time Jun 22 2024 18:07:54[0m
[0;32mI (31) boot: Multicore bootloader[0m
[0;32mI (35) boot: chip revision: v1.0[0m
[0;32mI (39) qio_mode: Enabling default flash chip QIO[0m
[0;32mI (44) boot.esp32: SPI Speed      : 80MHz[0m
[0;32mI (49) boot.esp32: SPI Mode       : QIO[0m
[0;32mI (53) boot.esp32: SPI Flash Size : 4MB[0m
[0;32mI (58) boot: Enabling RNG early entropy source...[0m
[0;32mI (63) boot: Partition Table:[0m
[0;32mI (67) boot: ## Label            Usage          Type ST Offset   Length[0m
[0;32mI (74) boot:  0 nvs              WiFi data        01 02 00009000 00006000[0m
[0;32mI (81) boot:  1 phy_init         RF data          01 01 0000f000 00001000[0m
[0;32mI (89) boot:  2 factory          factory app      00 00 00010000 00300000[0m
[0;32mI (96) boot: End of partition table[0m
[0;32mI (101) esp_image: segment 0: paddr=00010020 vaddr=3f400020 size=1b2a58h (1780312) map[0m
[0;32mI (566) esp_image: segment 1: paddr=001c2a80 vaddr=3ffb0000 size=0336ch ( 13164) load[0m
[0;32mI (570) esp_image: segment 2: paddr=001c5df4 vaddr=40080000 size=0a224h ( 41508) load[0m
[0;32mI (584) esp_image: segment 3: paddr=001d0020 vaddr=400d0020 size=2f958h (194904) map[0m
[0;32mI (634) esp_image: segment 4: paddr=001ff980 vaddr=4008a224 size=06804h ( 26628) load[0m
[0;32mI (651) boot: Loaded app from partition at offset 0x10000[0m
[0;32mI (651) boot: Disabling RNG early entropy source...[0m
[0;32mI (663) cpu_start: Multicore app[0m
[0;32mI (663) quad_psram: This chip is ESP32-D0WD[0m
[0;32mI (663) esp_psram: Found 8MB PSRAM device[0m
[0;32mI (665) esp_psram: Speed: 80MHz[0m
[0;32mI (669) esp_psram: PSRAM initialized, cache is in low/high (2-core) mode.[0m
[0;33mW (676) esp_psram: Virtual address not enough for PSRAM, map as much as we can. 4MB is mapped[0m
[0;32mI (1149) esp_psram: SPI SRAM memory test OK[0m
[0;32mI (1157) cpu_start: Pro cpu start user code[0m
[0;32mI (1157) cpu_start: cpu freq: 240000000 Hz[0m
[0;32mI (1157) app_init: Application information:[0m
[0;32mI (1160) app_init: Project name:     person_detection[0m
[0;32mI (1166) app_init: App version:      6445fe3-dirty[0m
[0;32mI (1171) app_init: Compile time:     Jun 23 2024 20:09:20[0m
[0;32mI (1177) app_init: ELF file SHA256:  4686cbe53...[0m
[0;32mI (1183) app_init: ESP-IDF:          v5.4-dev-421-g4523f2d674[0m
[0;32mI (1189) efuse_init: Min chip rev:     v0.0[0m
[0;32mI (1194) efuse_init: Max chip rev:     v3.99 [0m
[0;32mI (1199) efuse_init: Chip rev:         v1.0[0m
[0;32mI (1204) heap_init: Initializing. RAM available for dynamic allocation:[0m
[0;32mI (1211) heap_init: At 3FFAE6E0 len 00001920 (6 KiB): DRAM[0m
[0;32mI (1217) heap_init: At 3FFB4140 len 0002BEC0 (175 KiB): DRAM[0m
[0;32mI (1224) heap_init: At 3FFE0440 len 00003AE0 (14 KiB): D/IRAM[0m
[0;32mI (1230) heap_init: At 3FFE4350 len 0001BCB0 (111 KiB): D/IRAM[0m
[0;32mI (1237) heap_init: At 40090A28 len 0000F5D8 (61 KiB): IRAM[0m
[0;32mI (1243) esp_psram: Adding pool of 4096K of PSRAM memory to heap allocator[0m
[0;32mI (1251) spi_flash: detected chip: generic[0m
[0;32mI (1255) spi_flash: flash io: qio[0m
[0;33mW (1259) i2c: This driver is an old driver, please migrate your application code to adapt `driver/i2c_master.h`[0m
[0;32mI (1270) main_task: Started on CPU0[0m
[0;32mI (1280) main_task: Calling app_main()[0m
Total heap size: 4509552
Free heap size: 4484416
Total PSRAM size: 8388608
Free PSRAM size: 4191744
Free heap size after allocation: 4304188
Free PSRAM size after allocation: 4011516
[0;32mI (1290) gpio: GPIO[25]| InputEn: 1| OutputEn: 0| OpenDrain: 0| Pullup: 1| Pulldown: 0| Intr:2 [0m
[0;32mI (1300) cam_hal: cam init ok[0m
[0;32mI (1300) sccb: pin_sda 26 pin_scl 27[0m
[0;32mI (1310) sccb: sccb_i2c_port=1[0m
[0;32mI (1310) gpio: GPIO[32]| InputEn: 0| OutputEn: 1| OpenDrain: 0| Pullup: 0| Pulldown: 0| Intr:0 [0m
[0;32mI (1350) camera: Detected camera at address=0x30[0m
[0;32mI (1350) camera: Detected OV2640 camera[0m
[0;32mI (1350) camera: Camera PID=0x26 VER=0x42 MIDL=0x7f MIDH=0xa2[0m
[0;32mI (1420) esp32 ll_cam: node_size: 3072, nodes_per_line: 1, lines_per_node: 4, dma_half_buffer_min:  3072, dma_half_buffer: 12288,lines_per_half_buffer: 16, dma_buffer_size: 24576, image_size: 18432[0m
[0;32mI (1430) cam_hal: buffer_size: 24576, half_buffer_size: 12288, node_buffer_size: 3072, node_cnt: 8, total_cnt: 1[0m
[0;32mI (1440) cam_hal: Allocating 9216 Byte frame buffer in PSRAM[0m
[0;32mI (1450) cam_hal: Allocating 9216 Byte frame buffer in PSRAM[0m
[0;32mI (1450) cam_hal: cam config ok[0m
[0;32mI (1460) ov2640: Set PLL: clk_2x: 0, clk_div: 3, pclk_auto: 1, pclk_div: 8[0m
Camera Initialized

Image Captured

Input type: Unknown type
Output type: Unknown type
Guru Meditation Error: Core  0 panic'ed (LoadProhibited). Exception was unhandled.

Core  0 register dump:
PC      : 0x400d81e6  PS      : 0x00060230  A0      : 0x800d7c05  A1      : 0x3ffb7930  
A2      : 0x00000000  A3      : 0x00000007  A4      : 0x3ffb3ad0  A5      : 0x3ffb3ca0  
A6      : 0x3ffb3ca4  A7      : 0x3f28a8a9  A8      : 0x006732c0  A9      : 0x3ffb78e0  
A10     : 0x3ffb7930  A11     : 0x3ffb02e8  A12     : 0x437f0000  A13     : 0x3f82c250  
A14     : 0x3f82cae8  A15     : 0x3ffb3ad0  SAR     : 0x00000001  EXCCAUSE: 0x0000001c  
EXCVADDR: 0x006732c0  LBEG    : 0x4008700d  LEND    : 0x4008701d  LCOUNT  : 0xfffffffc  


Backtrace: 0x400d81e3:0x3ffb7930 0x400d7c02:0x3ffb7960




ELF file SHA256: 4686cbe53

Rebooting...
ets Jun  8 2016 00:22:57

rst:0xc (SW_CPU_RESET),boot:0x13 (SPI_FAST_FLASH_BOOT)
configsip: 0, SPIWP:0xee
clk_drv:0x00,q_drv:0x00,d_drv:0x00,cs0_drv:0x00,hd_drv:0x00,wp_drv:0x00
mode:DIO, clock div:1
load:0x3fff0030,len:7524
load:0x40078000,len:16552
load:0x40080400,len:4
load:0x40080404,len:4316
entry 0x4008065c
[0;32mI (29) boot: ESP-IDF v5.4-dev-421-g4523f2d674 2nd stage bootloader[0m
[0;32mI (29) boot: compile time Jun 22 2024 18:07:54[0m
[0;32mI (31) boot: Multicore bootloader[0m
[0;32mI (35) boot: chip revision: v1.0[0m
[0;32mI (39) qio_mode: Enabling default flash chip QIO[0m
[0;32mI (44) boot.esp32: SPI Speed      : 80MHz[0m
[0;32mI (49) boot.esp32: SPI Mode       : QIO[0m
[0;32mI (53) boot.esp32: SPI Flash Size : 4MB[0m
[0;32mI (58) boot: Enabling RNG early entropy source...[0m
[0;32mI (63) boot: Partition Table:[0m
[0;32mI (67) boot: ## Label            Usage          Type ST Offset   Length[0m
[0;32mI (74) boot:  0 nvs              WiFi data        01 02 00009000 00006000[0m
[0;32mI (81) boot:  1 phy_init         RF data          01 01 0000f000 00001000[0m
[0;32mI (89) boot:  2 factory          factory app      00 00 00010000 00300000[0m
[0;32mI (96) boot: End of partition table[0m
[0;32mI (101) esp_image: segment 0: paddr=00010020 vaddr=3f400020 size=1b2a58h (1780312) map[0m
[0;32mI (566) esp_image: segment 1: paddr=001c2a80 vaddr=3ffb0000 size=0336ch ( 13164) load[0m
[0;32mI (570) esp_image: segment 2: paddr=001c5df4 vaddr=40080000 size=0a224h ( 41508) load[0m
[0;32mI (584) esp_image: segment 3: paddr=001d0020 vaddr=400d0020 size=2f958h (194904) map[0m
[0;32mI (634) esp_image: segment 4: paddr=001ff980 vaddr=4008a224 size=06804h ( 26628) load[0m
[0;32mI (651) boot: Loaded app from partition at offset 0x10000[0m
[0;32mI (651) boot: Disabling RNG early entropy source...[0m
[0;32mI (663) cpu_start: Multicore app[0m
[0;32mI (663) quad_psram: This chip is ESP32-D0WD[0m
[0;32mI (663) esp_psram: Found 8MB PSRAM device[0m
[0;32mI (665) esp_psram: Speed: 80MHz[0m
[0;32mI (669) esp_psram: PSRAM initialized, cache is in low/high (2-core) mode.[0m
[0;33mW (676) esp_psram: Virtual address not enough for PSRAM, map as much as we can. 4MB is mapped[0m
[0;32mI (1149) esp_psram: SPI SRAM memory test OK[0m
[0;32mI (1157) cpu_start: Pro cpu start user code[0m
[0;32mI (1157) cpu_start: cpu freq: 240000000 Hz[0m
[0;32mI (1157) app_init: Application information:[0m
[0;32mI (1160) app_init: Project name:     person_detection[0m
[0;32mI (1166) app_init: App version:      6445fe3-dirty[0m
[0;32mI (1171) app_init: Compile time:     Jun 23 2024 20:09:20[0m
[0;32mI (1177) app_init: ELF file SHA256:  4686cbe53...[0m
[0;32mI (1183) app_init: ESP-IDF:          v5.4-dev-421-g4523f2d674[0m
[0;32mI (1189) efuse_init: Min chip rev:     v0.0[0m
[0;32mI (1194) efuse_init: Max chip rev:     v3.99 [0m
[0;32mI (1199) efuse_init: Chip rev:         v1.0[0m
[0;32mI (1204) heap_init: Initializing. RAM available for dynamic allocation:[0m
[0;32mI (1211) heap_init: At 3FFAE6E0 len 00001920 (6 KiB): DRAM[0m
[0;32mI (1217) heap_init: At 3FFB4140 len 0002BEC0 (175 KiB): DRAM[0m
[0;32mI (1224) heap_init: At 3FFE0440 len 00003AE0 (14 KiB): D/IRAM[0m
[0;32mI (1230) heap_init: At 3FFE4350 len 0001BCB0 (111 KiB): D/IRAM[0m
[0;32mI (1237) heap_init: At 40090A28 len 0000F5D8 (61 KiB): IRAM[0m
[0;32mI (1243) esp_psram: Adding pool of 4096K of PSRAM memory to heap allocator[0m
[0;32mI (1251) spi_flash: detected chip: generic[0m
[0;32mI (1255) spi_flash: flash io: qio[0m
[0;33mW (1259) i2c: This driver is an old driver, please migrate your application code to adapt `driver/i2c_master.h`[0m
[0;32mI (1270) main_task: Started on CPU0[0m
[0;32mI (1280) main_task: Calling app_main()[0m
Total heap size: 4509552
Free heap size: 4484416
Total PSRAM size: 8388608
Free PSRAM size: 4191744
Free heap size after allocation: 4304188
Free PSRAM size after allocation: 4011516
[0;32mI (1290) gpio: GPIO[25]| InputEn: 1| OutputEn: 0| OpenDrain: 0| Pullup: 1| Pulldown: 0| Intr:2 [0m
[0;32mI (1300) cam_hal: cam init ok[0m
[0;32mI (1300) sccb: pin_sda 26 pin_scl 27[0m
[0;32mI (1310) sccb: sccb_i2c_port=1[0m
[0;32mI (1310) gpio: GPIO[32]| InputEn: 0| OutputEn: 1| OpenDrain: 0| Pullup: 0| Pulldown: 0| Intr:0 [0m
[0;32mI (1350) camera: Detected camera at address=0x30[0m
[0;32mI (1350) camera: Detected OV2640 camera[0m
[0;32mI (1350) camera: Camera PID=0x26 VER=0x42 MIDL=0x7f MIDH=0xa2[0m
[0;32mI (1420) esp32 ll_cam: node_size: 3072, nodes_per_line: 1, lines_per_node: 4, dma_half_buffer_min:  3072, dma_half_buffer: 12288,lines_per_half_buffer: 16, dma_buffer_size: 24576, image_size: 18432[0m
[0;32mI (1430) cam_hal: buffer_size: 24576, half_buffer_size: 12288, node_buffer_size: 3072, node_cnt: 8, total_cnt: 1[0m
[0;32mI (1440) cam_hal: Allocating 9216 Byte frame buffer in PSRAM[0m
[0;32mI (1450) cam_hal: Allocating 9216 Byte frame buffer in PSRAM[0m
[0;32mI (1450) cam_hal: cam config ok[0m
[0;32mI (1460) ov2640: Set PLL: clk_2x: 0, clk_div: 3, pclk_auto: 1, pclk_div: 8[0m
Camera Initialized

Image Captured

Input type: Unknown type
Output type: Unknown type
Detected fruit: Apple
Apple: 0.000000, Banana: 0.000000, Lemon: 0.000000
Image Captured

Input type: Unknown type
Output type: Unknown type
Detected fruit: Apple
Apple: 0.000000, Banana: 0.000000, Lemon: 0.000000
Image Captured

