ï¿½Wï¿½Juï¿½ï¿½20Lï¿½ï¿½:ï¿½&'ï¿½SHï¿½HHï¿½ï¿½:0ï¿½ 	ï¿½]ï¿½Rï¿½ï¿½%UMQ),ï¿½ï¿½ï¿½i0xL&BA%ï¿½FA*ï¿½e1MH_ï¿½ï¿½Q%
ï¿½Ë™ï¿½gï¿½Zï¿½ 0,A%ï¿½P:Â•ï¿½
ï¿½ï¿½}ï¿½rï¿½'ï¿½ï¿½0,ï¿½Eï¿½ï¿½:ï¿½ï¿½0ï¿½}ï¿½rvï¿½ï¿½ï¿½0,c.ï¿½ï¿½rvï¿½ï¿½ï¿½0,ï¿½ï¿½Eï¿½v:ï¿½ï¿½0,wï¿½Eï¿½ï¿½:ï¿½ï¿½0Cï¿½ë‹•ï¿½DIï¿½	ï¿½oï¿½-"ï¿½v:LC!ï¿½+ï¿½i0ï¿½&ï¿½ï¿½ï¿½ï¿½ï¿½,ï¿½YKï¿½5ï¿½SHï¿½ë…‘:0ï¿½0ï¿½ï¿½ï¿½0ï¿½+ï¿½i16MMfHï¿½ï¿½ï¿½d:ï¿½Ñ°Â‚ï¿½0ï¿½ï¿½ï¿½ï¿½:4C!ï¿½+ï¿½ï¿½0x4ï¿½Â‚ï¿½0ï¿½ï¿½ï¿½ï¿½:4ï¿½ï¿½j
eï¿½ï¿½0xï¿½Â‚6ï¿½ï¿½Hï¿½[0;32mI (28) boot: ESP-IDF v5.4-dev-421-g4523f2d674 2nd stage bootloader[0m
[0;32mI (28) boot: compile time Jun 18 2024 21:26:28[0m
[0;32mI (30) boot: Multicore bootloader[0m
[0;32mI (34) boot: chip revision: v1.0[0m
[0;32mI (38) qio_mode: Enabling default flash chip QIO[0m
[0;32mI (43) boot.esp32: SPI Speed      : 80MHz[0m
[0;32mI (48) boot.esp32: SPI Mode       : QIO[0m
[0;32mI (52) boot.esp32: SPI Flash Size : 4MB[0m
[0;32mI (57) boot: Enabling RNG early entropy source...[0m
[0;32mI (62) boot: Partition Table:[0m
[0;32mI (66) boot: ## Label            Usage          Type ST Offset   Length[0m
[0;32mI (73) boot:  0 nvs              WiFi data        01 02 00009000 00006000[0m
[0;32mI (81) boot:  1 phy_init         RF data          01 01 0000f000 00001000[0m
[0;32mI (88) boot:  2 factory          factory app      00 00 00010000 00300000[0m
[0;32mI (96) boot: End of partition table[0m
[0;32mI (100) esp_image: segment 0: paddr=00010020 vaddr=3f400020 size=20a324h (2138916) map[0m
[0;32mI (657) esp_image: segment 1: paddr=0021a34c vaddr=3ffb0000 size=02288h (  8840) load[0m
[0;32mI (659) esp_image: segment 2: paddr=0021c5dc vaddr=40080000 size=03a3ch ( 14908) load[0m
[0;32mI (667) esp_image: segment 3: paddr=00220020 vaddr=400d0020 size=32084h (204932) map[0m
[0;32mI (723) esp_image: segment 4: paddr=002520ac vaddr=40083a3c size=0c8d8h ( 51416) load[0m
[0;32mI (747) boot: Loaded app from partition at offset 0x10000[0m
[0;32mI (747) boot: Disabling RNG early entropy source...[0m
[0;32mI (759) cpu_start: Multicore app[0m
[0;32mI (759) quad_psram: This chip is ESP32-D0WD[0m
[0;32mI (759) esp_psram: Found 8MB PSRAM device[0m
[0;32mI (761) esp_psram: Speed: 80MHz[0m
[0;32mI (765) esp_psram: PSRAM initialized, cache is in low/high (2-core) mode.[0m
[0;33mW (772) esp_psram: Virtual address not enough for PSRAM, map as much as we can. 4MB is mapped[0m
