,ï¿½et.RÕ¹ ï¿½ï¿½0LÂ°'ï¿½:MSHï¿½!ï¿½t'ï¿½Å 	ï¿½]ï¿½Rï¿½ï¿½ï¿½EUï¿½Iï¿½oï¿½'ï¿½ï¿½2 i}ï¿½ï¿½*ï¿½%ï¿½Aï¿½ï¿½%=ï¿½TJï¿½ï¿½Ë™iï¿½ï¿½ï¿½ 0ï¿½ï¿½A%ï¿½P'Â•ï¿½ï¿½,kï¿½Eï¿½ï¿½:ï¿½ï¿½0,\Eï¿½ï¿½:ï¿½ï¿½0,ï¿½Eï¿½ï¿½:ï¿½ï¿½0,ï¿½.zï¿½ï¿½v'ï¿½ï¿½ï¿½	ï¿½}ï¿½rï¿½xï¿½bï¿½ï¿½ï¿½ï¿½.ï¿½ï¿½ï¿½ï¿½ï¿½Cï¿½ï¿½ï¿½ï¿½iDRï¿½	ï¿½ï¿½cï¿½"ï¿½ï¿½ï¿½j
ï¿½dï¿½ï¿½mï¿½A0&blï¿½Kï¿½ï¿½&SÈ¬+ï¿½ï¿½0ï¿½ï¿½7ï¿½ï¿½ï¿½ï¿½Kï¿½:LSSï¿½*ï¿½ï¿½+ï¿½i0Ñ°ï¿½Â´ï¿½ï¿½lYKÂ!ï¿½+ï¿½:ï¿½ï¿½0ï¿½ï¿½ï¿½0ï¿½ï¿½+ï¿½:ï¿½&ï¿½ï¿½ï¿½ï¿½ï¿½yï¿½ï¿½Qï¿½Â‚6MlH[0;32mI (28) boot: ESP-IDF v5.4-dev-421-g4523f2d674 2nd stage bootloader[0m
[0;32mI (28) boot: compile time Jun 22 2024 18:07:54[0m
[0;32mI (30) boot: Multicore bootloader[0m
[0;32mI (34) boot: chip revision: v1.0[0m
[0;32mI (38) qio_mode: Enabling default flash chip QIO[0m
[0;32mI (43) boot.esp32: SPI Speed      : 80MHz[0m
[0;32mI (48) boot.esp32: SPI Mode       : QIO[0m
[0;32mI (52) boot.esp32: SPI Flash Size : 4MB[0m
[0;32mI (57) boot: Enabling RNG early entropy source...[0m
[0;32mI (62) boot: Partition Table:[0m
[0;32mI (66) boot: ## Label            Usage          Type ST Offset   Length[0m
[0;32mI (73) boot:  0 nvs              WiFi data        01 02 00009000 00006000[0m
[0;32mI (80) boot:  1 phy_init         RF data          01 01 0000f000 00001000[0m
[0;32mI (88) boot:  2 factory          factory app      00 00 00010000 00300000[0m
[0;32mI (95) boot: End of partition table[0m
[0;32mI (100) esp_image: segment 0: paddr=00010020 vaddr=3f400020 size=1b2c48h (1780808) map[0m
[0;32mI (565) esp_image: segment 1: paddr=001c2c70 vaddr=3ffb0000 size=0336ch ( 13164) load[0m
[0;32mI (569) esp_image: segment 2: paddr=001c5fe4 vaddr=40080000 size=0a034h ( 41012) load[0m
[0;32mI (583) esp_image: segment 3: paddr=001d0020 vaddr=400d0020 size=2fa6ch (195180) map[0m
[0;32mI (633) esp_image: segment 4: paddr=001ffa94 vaddr=4008a034 size=06a94h ( 27284) load[0m
[0;32mI (650) boot: Loaded app from partition at offset 0x10000[0m
[0;32mI (650) boot: Disabling RNG early entropy source...[0m
[0;32mI (662) cpu_start: Multicore app[0m
[0;32mI (662) quad_psram: This chip is ESP32-D0WD[0m
[0;32mI (662) esp_psram: Found 8MB PSRAM device[0m
[0;32mI (664) esp_psram: Speed: 80MHz[0m
[0;32mI (668) esp_psram: PSRAM initialized, cache is in low/high (2-core) mode.[0m
[0;33mW (676) esp_psram: Virtual address not enough for PSRAM, map as much as we can. 4MB is mapped[0m
[0;32mI (1148) esp_psram: SPI SRAM memory test OK[0m
[0;32mI (1156) cpu_start: Pro cpu start user code[0m
[0;32mI (1156) cpu_start: cpu freq: 240000000 Hz[0m
[0;32mI (1156) app_init: Application information:[0m
[0;32mI (1159) app_init: Project name:     person_detection[0m
[0;32mI (1165) app_init: App version:      cfd6ac0-dirty[0m
[0;32mI (1170) app_init: Compile time:     Jun 23 2024 15:29:12[0m
[0;32mI (1177) app_init: ELF file SHA256:  39e438c85...[0m
[0;32mI (1182) app_init: ESP-IDF:          v5.4-dev-421-g4523f2d674[0m
[0;32mI (1188) efuse_init: Min chip rev:     v0.0[0m
[0;32mI (1193) efuse_init: Max chip rev:     v3.99 [0m
[0;32mI (1198) efuse_init: Chip rev:         v1.0[0m
[0;32mI (1203) heap_init: Initializing. RAM available for dynamic allocation:[0m
[0;32mI (1210) heap_init: At 3FFAE6E0 len 00001920 (6 KiB): DRAM[0m
[0;32mI (1217) heap_init: At 3FFB4148 len 0002BEB8 (175 KiB): DRAM[0m
[0;32mI (1223) heap_init: At 3FFE0440 len 00003AE0 (14 KiB): D/IRAM[0m
[0;32mI (1229) heap_init: At 3FFE4350 len 0001BCB0 (111 KiB): D/IRAM[0m
[0;32mI (1236) heap_init: At 40090AC8 len 0000F538 (61 KiB): IRAM[0m
[0;32mI (1242) esp_psram: Adding pool of 4096K of PSRAM memory to heap allocator[0m
[0;32mI (1250) spi_flash: detected chip: generic[0m
[0;32mI (1254) spi_flash: flash io: qio[0m
[0;33mW (1258) i2c: This driver is an old driver, please migrate your application code to adapt `driver/i2c_master.h`[0m
[0;32mI (1270) main_task: Started on CPU0[0m
[0;32mI (1280) main_task: Calling app_main()[0m
Total heap size: 4509544
Free heap size: 4484408
Total PSRAM size: 8388608
Free PSRAM size: 4191744
hola
hola2
Free heap size after allocation: 4304180
Free PSRAM size after allocation: 4011516
[0;32mI (1290) gpio: GPIO[25]| InputEn: 1| OutputEn: 0| OpenDrain: 0| Pullup: 1| Pulldown: 0| Intr:2 [0m
[0;32mI (1300) cam_hal: cam init ok[0m
[0;32mI (1300) sccb: pin_sda 26 pin_scl 27[0m
[0;32mI (1310) sccb: sccb_i2c_port=1[0m
[0;32mI (1310) gpio: GPIO[32]| InputEn: 0| OutputEn: 1| OpenDrain: 0| Pullup: 0| Pulldown: 0| Intr:0 [0m
[0;32mI (1350) camera: Detected camera at address=0x30[0m
[0;32mI (1350) camera: Detected OV2640 camera[0m
[0;32mI (1350) camera: Camera PID=0x26 VER=0x42 MIDL=0x7f MIDH=0xa2[0m
[0;32mI (1420) esp32 ll_cam: node_size: 3072, nodes_per_line: 1, lines_per_node: 4, dma_half_buffer_min:  3072, dma_half_buffer: 12288,lines_per_half_buffer: 16, dma_buffer_size: 24576, image_size: 18432[0m
[0;32mI (1430) cam_hal: buffer_size: 24576, half_buffer_size: 12288, node_buffer_size: 3072, node_cnt: 8, total_cnt: 1[0m
[0;32mI (1440) cam_hal: Allocating 9216 Byte frame buffer in PSRAM[0m
[0;32mI (1450) cam_hal: Allocating 9216 Byte frame buffer in PSRAM[0m
[0;32mI (1450) cam_hal: cam config ok[0m
[0;32mI (1460) ov2640: Set PLL: clk_2x: 0, clk_div: 3, pclk_auto: 1, pclk_div: 8[0m
Camera Initialized

Image Captured

